// Vitest Snapshot v1, https://vitest.dev/guide/snapshot.html

exports[`render  1`] = `
<div>
  <ul
    class="grid grid-cols-[repeat(auto-fill,_minmax(14rem,_1fr))] gap-8"
  >
    <li
      class="rounded border-4 border-border bg-card"
    >
      <p
        class="bg-border px-4 py-2 font-bold text-white"
      >
        <a
          href="/c/test"
        >
          Pork
        </a>
      </p>
      <p
        class="px-4 py-2 text-xs "
      >
        Possible CO
        <sub>
          2
        </sub>
        e per person-year
      </p>
      <p
        class="px-4 text-right"
      >
        <span
          class="text-4xl font-extrabold"
        >
          500
        </span>
        <span
          class="text-sm font-extrabold"
        >
          .
        </span>
        <span
          class="text-sm font-extrabold"
        >
          000
        </span>
         
        <span
          class="text-sm"
        >
          kg
        </span>
      </p>
      <div
        class="flex justify-between gap-2"
      >
        <p
          class="py-2 pl-4 text-xs"
        >
          1 
          kilogram
        </p>
        <p
          class="py-2 pr-4 text-xs"
        >
          30
           
          kg CO
          <sub>
            2
          </sub>
          e
        </p>
      </div>
    </li>
  </ul>
</div>
`;

exports[`render no contributor found 1`] = `
<div>
  <ul
    class="grid grid-cols-[repeat(auto-fill,_minmax(14rem,_1fr))] gap-8"
  />
  <div
    class="mx-auto max-w-xs text-foreground/50"
  >
    <h2
      class="mb-2 text-2xl"
    >
      Nothing found üôÅ
    </h2>
    <p>
      Thank you for searching! Sadly this data is not available yet. Get in
       
      <a
        class="underline"
        href="/about"
      >
        contact
      </a>
      , so that we can add more interesting data.
    </p>
  </div>
</div>
`;
